Calculating task graph as no cached configuration is available for tasks: clean build
> Task :clean
> Task :jarJar NO-SOURCE
> Task :processTestResources NO-SOURCE
> Task :generateModMetadata
> Task :processResources

> Task :createMinecraftArtifacts
Loaded 145 artifacts from D:\Work\project MC\portbridge\build\tmp\createMinecraftArtifacts\nfrt_artifact_manifest.properties
[1m*** Started working on [4mdownloadJson[0m[0m
 [1m[92mDONE [0m Completed [4mdownloadJson[0m in 0.04s
[1m*** Started working on [4mdownloadClient[0m[0m
[1m*** Started working on [4mdownloadClientMappings[0m[0m
[1m*** Started working on [4mdownloadServer[0m[0m
 [1m[92mDONE [0m Completed [4mdownloadClientMappings[0m in 0.06s
 [1m[92mDONE [0m Completed [4mdownloadClient[0m in 0.06s
 [1m[92mDONE [0m Completed [4mdownloadServer[0m in 0.06s
[1m*** Started working on [4mmergeMappings[0m[0m
 [1m[92mREUSE[0m Used cache of [4mmergeMappings[0m in 0.00s
[1m*** Started working on [4mstripClient[0m[0m
 [1m[92mREUSE[0m Used cache of [4mstripClient[0m in 0.00s
[1m*** Started working on [4mextractServer[0m[0m
 [1m[92mREUSE[0m Used cache of [4mextractServer[0m in 0.00s
[1m*** Started working on [4mstripServer[0m[0m
 [1m[92mREUSE[0m Used cache of [4mstripServer[0m in 0.00s
[1m*** Started working on [4mmerge[0m[0m
 [1m[92mREUSE[0m Used cache of [4mmerge[0m in 0.00s
[1m*** Started working on [4mrename[0m[0m
 [1m[92mREUSE[0m Used cache of [4mrename[0m in 0.00s
[1m*** Started working on [4mdecompile[0m[0m
 [1m[92mREUSE[0m Used cache of [4mdecompile[0m in 0.00s
[1m*** Started working on [4minject[0m[0m
 [1m[92mREUSE[0m Used cache of [4minject[0m in 0.00s
[1m*** Started working on [4mpatch[0m[0m
 [1m[92mREUSE[0m Used cache of [4mpatch[0m in 0.00s
[1m*** Started working on [4mapplyNeoforgePatches[0m[0m
 [1m[92mREUSE[0m Used cache of [4mapplyNeoforgePatches[0m in 0.00s
[1m*** Started working on [4mtransformSources[0m[0m
 [1m[92mREUSE[0m Used cache of [4mtransformSources[0m in 0.00s
[1m*** Started working on [4mrecompile[0m[0m
 [1m[92mREUSE[0m Used cache of [4mrecompile[0m in 0.00s
[1m*** Started working on [4msourcesWithNeoForge[0m[0m
 [1m[92mREUSE[0m Used cache of [4msourcesWithNeoForge[0m in 0.00s
[1m*** Started working on [4mcompiledWithNeoForge[0m[0m
 [1m[92mREUSE[0m Used cache of [4mcompiledWithNeoForge[0m in 0.00s
[1m*** Started working on [4msourcesAndCompiledWithNeoForge[0m[0m
 [1m[92mREUSE[0m Used cache of [4msourcesAndCompiledWithNeoForge[0m in 0.00s
Total runtime: 2.64s


> Task :compileJava FAILED
.\gradlew : D:\Work\project 
MC\portbridge\src\main\java\com\darsh\portbridge\tunnel\TunnelClient.java:130: error: local 
variables referenced from a lambda expression must be final or effectively final
At line:1 char:38
+ ...  "d:\Work\project MC\portbridge" ; .\gradlew clean build 2>&1 | tee b ...
+                                        ~~~~~~~~~~~~~~~~~~~~~~~~~~
    + CategoryInfo          : NotSpecified: (D:\Work\project...fectively final:String) [], RemoteE 
   xception
    + FullyQualifiedErrorId : NativeCommandError
 
                    executor.submit(() -> handleConnection(line));
                                                           ^
Note: Some input files use or override a deprecated API.
Note: Recompile with -Xlint:deprecation for details.
1 error

[Incubating] Problems report is available at: file:///D:/Work/project%20MC/portbridge/build/reports/problems/problems-report.html

FAILURE: Build failed with an exception.

* What went wrong:
Execution failed for task ':compileJava'.
> Compilation failed; see the compiler output below.
  D:\Work\project MC\portbridge\src\main\java\com\darsh\portbridge\tunnel\TunnelClient.java:130: 
error: local variables referenced from a lambda expression must be final or effectively final
                      executor.submit(() -> handleConnection(line));
                                                             ^
  Note: Recompile with -Xlint:deprecation for details.
  Note: Some input files use or override a deprecated API.
  1 error

* Try:
> Check your code and dependencies to fix the compilation error(s)
> Run with --scan to generate a Build Scan (powered by Develocity).

Deprecated Gradle features were used in this build, making it incompatible with Gradle 10.

You can use '--warning-mode all' to show the individual deprecation warnings and determine if they come from your own scripts or plugins.

For more on this, please refer to https://docs.gradle.org/9.2.0/userguide/command_line_interface.html#sec:command_line_warnings in the Gradle documentation.

BUILD FAILED in 6s
5 actionable tasks: 5 executed
Configuration cache entry stored.
